Goon Squad Galaxy Simulator
Commands:
  help | quit(q) | end(e)
  Deploy: dN or d N (e.g. d0) | Double deploy: ddN
           Add contributors after the command, e.g. d0 0 1 1
  View: deadpool (dp)
  Pay wind: pay <amount> p1|p2:idx[,idx]
  Use ability: u <src> <abil>
    Target shorthand: uN A>targets (enemy) or uN A<targets (ally); example: u2 
0>3 4
  Inspect cards: vh hand card, vb board card, vo opponent board
  AI assist: ai 
Turn and game summaries print automatically after each end of turn.
Start flags: --ai p1|p2|both (auto-turns for AI), --auto
See: gamerules.md
Tip: Type ai to have the current player act once.
Use ai p1 or ai p2 to target a side.
Deploy with dN (you can list contributors: e.g. d0 0 1 1); end turn with e or 
end.
Turn 1 | Player: P2
                                  PCU Board P1                                  
┏━━━┳━━━━━━━━━━━━━━┳━━━━━━┳━━━━━━━━━━━━━━━━━━━━━━━━━━━━━━━━━━━━━━━━━━━━━━━━━━━━┓
┃ # ┃ Name         ┃ Wind ┃ Abilities                                          ┃
┡━━━╇━━━━━━━━━━━━━━╇━━━━━━╇━━━━━━━━━━━━━━━━━━━━━━━━━━━━━━━━━━━━━━━━━━━━━━━━━━━━┩
│ 0 │ Grim⭐✋🥩🌀 │    0 │ 0 DEFILE NATURE Remove 1 wind from any target      │
│   │              │      │ Goon.                                              │
└───┴──────────────┴──────┴────────────────────────────────────────────────────┘
                            NARC Board P2                            
┏━━━┳━━━━━━━━━━━━━━━━━━━━━━━┳━━━━━━┳━━━━━━━━━━━━━━━━━━━━━━━━━━━━━━━━┓
┃ # ┃ Name                  ┃ Wind ┃ Abilities                      ┃
┡━━━╇━━━━━━━━━━━━━━━━━━━━━━━╇━━━━━━╇━━━━━━━━━━━━━━━━━━━━━━━━━━━━━━━━┩
│ 0 │ Lokar Simmons⭐✋🥩🚨 │    0 │ 0 RESOURCEFUL [2⟲] Draw a card │
└───┴───────────────────────┴──────┴────────────────────────────────┘
Dead Pool 🥩:0 ⚙️ :0
          NARC P2 hand (6)           
┏━━━┳━━━━━━━━━━━━━━━━━━━━━━━━┳━━━━━━┓
┃ # ┃ Name                   ┃ Cost ┃
┡━━━╇━━━━━━━━━━━━━━━━━━━━━━━━╇━━━━━━┩
│ 0 │ Task Mistres⚙️ 🚨       │ 2⟲   │
│ 1 │ K-9.0⚙️ 🚨              │ 3⟲   │
│ 2 │ Compliance Auditon⚙️ 🚨 │ 1⟲   │
│ 3 │ Dormex Lurker🚫⚙️ 🚨    │ 2⟲   │
│ 4 │ Detainment Probe⚙️ 🚨   │ 1⟲   │
│ 5 │ K-9.0⚙️ 🚨              │ 3⟲   │
└───┴────────────────────────┴──────┘
Turn 1 ends. P2 leaves 2 goons on the board. P1 now has 1 board / 6 hand 
(retired 0); P2 has 2 board / 5 hand (retired 0). Dead Pool holds 0.
  P2 deployed Compliance Auditon.
Turn 2 | Player: P1
                                 NARC Board P2                                  
┏━━━┳━━━━━━━━━━━━━━━━━━━━━━━━┳━━━━━━┳━━━━━━━━━━━━━━━━━━━━━━━━━━━━━━━━━━━━━━━━━━┓
┃ # ┃ Name                   ┃ Wind ┃ Abilities                                ┃
┡━━━╇━━━━━━━━━━━━━━━━━━━━━━━━╇━━━━━━╇━━━━━━━━━━━━━━━━━━━━━━━━━━━━━━━━━━━━━━━━━━┩
│ 0 │ Lokar Simmons⭐✋🥩🚨  │    1 │ 0 RESOURCEFUL [2⟲] Draw a card           │
│ 1 │ Compliance Auditon⚙️ 🚨 │    0 │ 0 LITIGIOUS GRIDLOCK [1⟲] Target goon    │
│   │                        │      │ does not unwind in its next unwind       │
│   │                        │      │ phase.                                   │
└───┴────────────────────────┴──────┴──────────────────────────────────────────┘
                                  PCU Board P1                                  
┏━━━┳━━━━━━━━━━━━━━┳━━━━━━┳━━━━━━━━━━━━━━━━━━━━━━━━━━━━━━━━━━━━━━━━━━━━━━━━━━━━┓
┃ # ┃ Name         ┃ Wind ┃ Abilities                                          ┃
┡━━━╇━━━━━━━━━━━━━━╇━━━━━━╇━━━━━━━━━━━━━━━━━━━━━━━━━━━━━━━━━━━━━━━━━━━━━━━━━━━━┩
│ 0 │ Grim⭐✋🥩🌀 │    0 │ 0 DEFILE NATURE Remove 1 wind from any target      │
│   │              │      │ Goon.                                              │
└───┴──────────────┴──────┴────────────────────────────────────────────────────┘
Dead Pool 🥩:0 ⚙️ :0
          PCU P1 hand (7)          
┏━━━┳━━━━━━━━━━━━━━━━━━━━━━┳━━━━━━┓
┃ # ┃ Name                 ┃ Cost ┃
┡━━━╇━━━━━━━━━━━━━━━━━━━━━━╇━━━━━━┩
│ 0 │ Void Freak🚫🥩🌀     │ 1⟲   │
│ 1 │ Nives⚙️ 🌀            │ 4⟲   │
│ 2 │ Käsekobold🥩🌀       │ 2⟲   │
│ 3 │ Mutt⚙️ 🌀             │ 4⟲   │
│ 4 │ Primordial Oozer🥩🌀 │ 1⟲   │
│ 5 │ Meat Vegetable🥩🌀   │ -    │
│ 6 │ Dragoon⚙️ 🌀          │ 6⟲   │
└───┴──────────────────────┴──────┘
Previous Turn
Turn 1 ends. P2 leaves 2 goons on the board. P1 now has 1 board / 6 hand 
(retired 0); P2 has 2 board / 5 hand (retired 0). Dead Pool holds 0.
  P2 deployed Compliance Auditon.
Turn 2 ends. P1 leaves 2 goons on the board. P1 now has 2 board / 6 hand 
(retired 0); P2 has 2 board / 5 hand (retired 0). Dead Pool holds 0.
  P1 deployed Meat Vegetable.
Turn 3 | Player: P2
                                  PCU Board P1                                  
┏━━━┳━━━━━━━━━━━━━━━━━━━━┳━━━━━━┳━━━━━━━━━━━━━━━━━━━━━━━━━━━━━━━━━━━━━━━━━━━━━━┓
┃ # ┃ Name               ┃ Wind ┃ Abilities                                    ┃
┡━━━╇━━━━━━━━━━━━━━━━━━━━╇━━━━━━╇━━━━━━━━━━━━━━━━━━━━━━━━━━━━━━━━━━━━━━━━━━━━━━┩
│ 0 │ Grim⭐✋🥩🌀       │    0 │ 0 DEFILE NATURE Remove 1 wind from any       │
│   │                    │      │ target Goon.                                 │
│ 1 │ Meat Vegetable🥩🌀 │    0 │ -                                            │
└───┴────────────────────┴──────┴──────────────────────────────────────────────┘
                                 NARC Board P2                                  
┏━━━┳━━━━━━━━━━━━━━━━━━━━━━━━┳━━━━━━┳━━━━━━━━━━━━━━━━━━━━━━━━━━━━━━━━━━━━━━━━━━┓
┃ # ┃ Name                   ┃ Wind ┃ Abilities                                ┃
┡━━━╇━━━━━━━━━━━━━━━━━━━━━━━━╇━━━━━━╇━━━━━━━━━━━━━━━━━━━━━━━━━━━━━━━━━━━━━━━━━━┩
│ 0 │ Lokar Simmons⭐✋🥩🚨  │    0 │ 0 RESOURCEFUL [2⟲] Draw a card           │
│ 1 │ Compliance Auditon⚙️ 🚨 │    0 │ 0 LITIGIOUS GRIDLOCK [1⟲] Target goon    │
│   │                        │      │ does not unwind in its next unwind       │
│   │                        │      │ phase.                                   │
└───┴────────────────────────┴──────┴──────────────────────────────────────────┘
Dead Pool 🥩:0 ⚙️ :0
         NARC P2 hand (6)          
┏━━━┳━━━━━━━━━━━━━━━━━━━━━━┳━━━━━━┓
┃ # ┃ Name                 ┃ Cost ┃
┡━━━╇━━━━━━━━━━━━━━━━━━━━━━╇━━━━━━┩
│ 0 │ Task Mistres⚙️ 🚨     │ 2⟲   │
│ 1 │ K-9.0⚙️ 🚨            │ 3⟲   │
│ 2 │ Dormex Lurker🚫⚙️ 🚨  │ 2⟲   │
│ 3 │ Detainment Probe⚙️ 🚨 │ 1⟲   │
│ 4 │ K-9.0⚙️ 🚨            │ 3⟲   │
│ 5 │ Task Mistres⚙️ 🚨     │ 2⟲   │
└───┴──────────────────────┴──────┘
Previous Turn
Turn 2 ends. P1 leaves 2 goons on the board. P1 now has 2 board / 6 hand 
(retired 0); P2 has 2 board / 5 hand (retired 0). Dead Pool holds 0.
  P1 deployed Meat Vegetable.
Turn 3 ends. P2 leaves 3 goons on the board. P1 now has 2 board / 6 hand 
(retired 0); P2 has 3 board / 5 hand (retired 0). Dead Pool holds 0.
  P2 deployed Detainment Probe.
Turn 4 | Player: P1
                                 NARC Board P2                                  
┏━━━┳━━━━━━━━━━━━━━━━━━━━━━━━┳━━━━━━┳━━━━━━━━━━━━━━━━━━━━━━━━━━━━━━━━━━━━━━━━━━┓
┃ # ┃ Name                   ┃ Wind ┃ Abilities                                ┃
┡━━━╇━━━━━━━━━━━━━━━━━━━━━━━━╇━━━━━━╇━━━━━━━━━━━━━━━━━━━━━━━━━━━━━━━━━━━━━━━━━━┩
│ 0 │ Lokar Simmons⭐✋🥩🚨  │    0 │ 0 RESOURCEFUL [2⟲] Draw a card           │
│ 1 │ Compliance Auditon⚙️ 🚨 │    1 │ 0 LITIGIOUS GRIDLOCK [1⟲] Target goon    │
│   │                        │      │ does not unwind in its next unwind       │
│   │                        │      │ phase.                                   │
│ 2 │ Detainment Probe⚙️ 🚨   │    0 │ 0 SHACKLE BEAM [1⟲] Target Goon may not  │
│   │                        │      │ unwind, act or contribute wind to deploy │
│   │                        │      │ next turn.                               │
└───┴────────────────────────┴──────┴──────────────────────────────────────────┘
                                  PCU Board P1                                  
┏━━━┳━━━━━━━━━━━━━━━━━━━━┳━━━━━━┳━━━━━━━━━━━━━━━━━━━━━━━━━━━━━━━━━━━━━━━━━━━━━━┓
┃ # ┃ Name               ┃ Wind ┃ Abilities                                    ┃
┡━━━╇━━━━━━━━━━━━━━━━━━━━╇━━━━━━╇━━━━━━━━━━━━━━━━━━━━━━━━━━━━━━━━━━━━━━━━━━━━━━┩
│ 0 │ Grim⭐✋🥩🌀       │    0 │ 0 DEFILE NATURE Remove 1 wind from any       │
│   │                    │      │ target Goon.                                 │
│ 1 │ Meat Vegetable🥩🌀 │    0 │ -                                            │
└───┴────────────────────┴──────┴──────────────────────────────────────────────┘
Dead Pool 🥩:0 ⚙️ :0
          PCU P1 hand (7)          
┏━━━┳━━━━━━━━━━━━━━━━━━━━━━┳━━━━━━┓
┃ # ┃ Name                 ┃ Cost ┃
┡━━━╇━━━━━━━━━━━━━━━━━━━━━━╇━━━━━━┩
│ 0 │ Void Freak🚫🥩🌀     │ 1⟲   │
│ 1 │ Nives⚙️ 🌀            │ 4⟲   │
│ 2 │ Käsekobold🥩🌀       │ 2⟲   │
│ 3 │ Mutt⚙️ 🌀             │ 4⟲   │
│ 4 │ Primordial Oozer🥩🌀 │ 1⟲   │
│ 5 │ Dragoon⚙️ 🌀          │ 6⟲   │
│ 6 │ Mutt⚙️ 🌀             │ 4⟲   │
└───┴──────────────────────┴──────┘
Previous Turn
Turn 3 ends. P2 leaves 3 goons on the board. P1 now has 2 board / 6 hand 
(retired 0); P2 has 3 board / 5 hand (retired 0). Dead Pool holds 0.
  P2 deployed Detainment Probe.
Turn 4 ends. P1 leaves 3 goons on the board. P1 now has 3 board / 6 hand 
(retired 0); P2 has 3 board / 5 hand (retired 0). Dead Pool holds 0.
  P1 deployed Void Freak.
Turn 5 | Player: P2
                                  PCU Board P1                                  
┏━━━┳━━━━━━━━━━━━━━━━━━━━┳━━━━━━┳━━━━━━━━━━━━━━━━━━━━━━━━━━━━━━━━━━━━━━━━━━━━━━┓
┃ # ┃ Name               ┃ Wind ┃ Abilities                                    ┃
┡━━━╇━━━━━━━━━━━━━━━━━━━━╇━━━━━━╇━━━━━━━━━━━━━━━━━━━━━━━━━━━━━━━━━━━━━━━━━━━━━━┩
│ 0 │ Grim⭐✋🥩🌀       │    0 │ 0 DEFILE NATURE Remove 1 wind from any       │
│   │                    │      │ target Goon.                                 │
│ 1 │ Meat Vegetable🥩🌀 │    1 │ -                                            │
│ 2 │ Void Freak🚫🥩🌀   │    0 │ 0 THRASHING VAULT [1⟲] Add 1 wind to target  │
│   │                    │      │ Goon. Must always use this ability on owners │
│   │                    │      │ turn if able                                 │
│   │                    │      │ 1 BLOODLUST Must attack if able.             │
└───┴────────────────────┴──────┴──────────────────────────────────────────────┘
                                 NARC Board P2                                  
┏━━━┳━━━━━━━━━━━━━━━━━━━━━━━━┳━━━━━━┳━━━━━━━━━━━━━━━━━━━━━━━━━━━━━━━━━━━━━━━━━━┓
┃ # ┃ Name                   ┃ Wind ┃ Abilities                                ┃
┡━━━╇━━━━━━━━━━━━━━━━━━━━━━━━╇━━━━━━╇━━━━━━━━━━━━━━━━━━━━━━━━━━━━━━━━━━━━━━━━━━┩
│ 0 │ Lokar Simmons⭐✋🥩🚨  │    0 │ 0 RESOURCEFUL [2⟲] Draw a card           │
│ 1 │ Compliance Auditon⚙️ 🚨 │    0 │ 0 LITIGIOUS GRIDLOCK [1⟲] Target goon    │
│   │                        │      │ does not unwind in its next unwind       │
│   │                        │      │ phase.                                   │
│ 2 │ Detainment Probe⚙️ 🚨   │    0 │ 0 SHACKLE BEAM [1⟲] Target Goon may not  │
│   │                        │      │ unwind, act or contribute wind to deploy │
│   │                        │      │ next turn.                               │
└───┴────────────────────────┴──────┴──────────────────────────────────────────┘
Dead Pool 🥩:0 ⚙️ :0
           NARC P2 hand (6)           
┏━━━┳━━━━━━━━━━━━━━━━━━━━━━━━━┳━━━━━━┓
┃ # ┃ Name                    ┃ Cost ┃
┡━━━╇━━━━━━━━━━━━━━━━━━━━━━━━━╇━━━━━━┩
│ 0 │ Task Mistres⚙️ 🚨        │ 2⟲   │
│ 1 │ K-9.0⚙️ 🚨               │ 3⟲   │
│ 2 │ Dormex Lurker🚫⚙️ 🚨     │ 2⟲   │
│ 3 │ K-9.0⚙️ 🚨               │ 3⟲   │
│ 4 │ Task Mistres⚙️ 🚨        │ 2⟲   │
│ 5 │ Target Marker Probe⚙️ 🚨 │ 1⟲   │
└───┴─────────────────────────┴──────┘
Previous Turn
Turn 4 ends. P1 leaves 3 goons on the board. P1 now has 3 board / 6 hand 
(retired 0); P2 has 3 board / 5 hand (retired 0). Dead Pool holds 0.
  P1 deployed Void Freak.
Turn 5 ends. P2 leaves 4 goons on the board. P1 now has 3 board / 6 hand 
(retired 0); P2 has 4 board / 5 hand (retired 0). Dead Pool holds 0.
  P2 deployed Target Marker Probe.
Turn 6 | Player: P1
                                 NARC Board P2                                  
┏━━━┳━━━━━━━━━━━━━━━━━━━━━━━━━┳━━━━━━┳━━━━━━━━━━━━━━━━━━━━━━━━━━━━━━━━━━━━━━━━━┓
┃ # ┃ Name                    ┃ Wind ┃ Abilities                               ┃
┡━━━╇━━━━━━━━━━━━━━━━━━━━━━━━━╇━━━━━━╇━━━━━━━━━━━━━━━━━━━━━━━━━━━━━━━━━━━━━━━━━┩
│ 0 │ Lokar Simmons⭐✋🥩🚨   │    0 │ 0 RESOURCEFUL [2⟲] Draw a card          │
│ 1 │ Compliance Auditon⚙️ 🚨  │    1 │ 0 LITIGIOUS GRIDLOCK [1⟲] Target goon   │
│   │                         │      │ does not unwind in its next unwind      │
│   │                         │      │ phase.                                  │
│ 2 │ Detainment Probe⚙️ 🚨    │    1 │ 0 SHACKLE BEAM [1⟲] Target Goon may not │
│   │                         │      │ unwind, act or contribute wind to       │
│   │                         │      │ deploy next turn.                       │
│ 3 │ Target Marker Probe⚙️ 🚨 │    0 │ 0 MARK TARGET [1⟲] When a Goon adds     │
│   │                         │      │ wind as damage to the MARKED target     │
│   │                         │      │ this turn, increase by 1. Nob Lobber    │
│   │                         │      │ and Marine Marauder may forego wind     │
│   │                         │      │ cost when targeting only the MARKED     │
│   │                         │      │ target.                                 │
└───┴─────────────────────────┴──────┴─────────────────────────────────────────┘
                                  PCU Board P1                                  
┏━━━┳━━━━━━━━━━━━━━━━━━━━┳━━━━━━┳━━━━━━━━━━━━━━━━━━━━━━━━━━━━━━━━━━━━━━━━━━━━━━┓
┃ # ┃ Name               ┃ Wind ┃ Abilities                                    ┃
┡━━━╇━━━━━━━━━━━━━━━━━━━━╇━━━━━━╇━━━━━━━━━━━━━━━━━━━━━━━━━━━━━━━━━━━━━━━━━━━━━━┩
│ 0 │ Grim⭐✋🥩🌀       │    0 │ 0 DEFILE NATURE Remove 1 wind from any       │
│   │                    │      │ target Goon.                                 │
│ 1 │ Meat Vegetable🥩🌀 │    0 │ -                                            │
│ 2 │ Void Freak🚫🥩🌀   │    0 │ 0 THRASHING VAULT [1⟲] Add 1 wind to target  │
│   │                    │      │ Goon. Must always use this ability on owners │
│   │                    │      │ turn if able                                 │
│   │                    │      │ 1 BLOODLUST Must attack if able.             │
└───┴────────────────────┴──────┴──────────────────────────────────────────────┘
Dead Pool 🥩:0 ⚙️ :0
          PCU P1 hand (7)           
┏━━━┳━━━━━━━━━━━━━━━━━━━━━━━┳━━━━━━┓
┃ # ┃ Name                  ┃ Cost ┃
┡━━━╇━━━━━━━━━━━━━━━━━━━━━━━╇━━━━━━┩
│ 0 │ Nives⚙️ 🌀             │ 4⟲   │
│ 1 │ Käsekobold🥩🌀        │ 2⟲   │
│ 2 │ Mutt⚙️ 🌀              │ 4⟲   │
│ 3 │ Primordial Oozer🥩🌀  │ 1⟲   │
│ 4 │ Dragoon⚙️ 🌀           │ 6⟲   │
│ 5 │ Mutt⚙️ 🌀              │ 4⟲   │
│ 6 │ Annihilist Overseer🌀 │ 4⟲   │
└───┴───────────────────────┴──────┘
Previous Turn
Turn 5 ends. P2 leaves 4 goons on the board. P1 now has 3 board / 6 hand 
(retired 0); P2 has 4 board / 5 hand (retired 0). Dead Pool holds 0.
  P2 deployed Target Marker Probe.
Turn 6 ends. P1 leaves 4 goons on the board. P1 now has 4 board / 6 hand 
(retired 0); P2 has 4 board / 5 hand (retired 0). Dead Pool holds 0.
  P1 deployed Primordial Oozer.
Turn 7 | Player: P2
                                  PCU Board P1                                  
┏━━━┳━━━━━━━━━━━━━━━━━━━━━━┳━━━━━━┳━━━━━━━━━━━━━━━━━━━━━━━━━━━━━━━━━━━━━━━━━━━━┓
┃ # ┃ Name                 ┃ Wind ┃ Abilities                                  ┃
┡━━━╇━━━━━━━━━━━━━━━━━━━━━━╇━━━━━━╇━━━━━━━━━━━━━━━━━━━━━━━━━━━━━━━━━━━━━━━━━━━━┩
│ 0 │ Grim⭐✋🥩🌀         │    0 │ 0 DEFILE NATURE Remove 1 wind from any     │
│   │                      │      │ target Goon.                               │
│ 1 │ Meat Vegetable🥩🌀   │    1 │ -                                          │
│ 2 │ Void Freak🚫🥩🌀     │    1 │ 0 THRASHING VAULT [1⟲] Add 1 wind to       │
│   │                      │      │ target Goon. Must always use this ability  │
│   │                      │      │ on owners turn if able                     │
│   │                      │      │ 1 BLOODLUST Must attack if able.           │
│ 3 │ Primordial Oozer🥩🌀 │    0 │ 0 DISCHARGE [1⟲] Add 1 wind to target Goon │
│   │                      │      │ 1 GOOP Unfriendly Goon who targets Oozer   │
│   │                      │      │ with an ability does not unwind during its │
│   │                      │      │ next unwind phase.                         │
└───┴──────────────────────┴──────┴────────────────────────────────────────────┘
                                 NARC Board P2                                  
┏━━━┳━━━━━━━━━━━━━━━━━━━━━━━━━┳━━━━━━┳━━━━━━━━━━━━━━━━━━━━━━━━━━━━━━━━━━━━━━━━━┓
┃ # ┃ Name                    ┃ Wind ┃ Abilities                               ┃
┡━━━╇━━━━━━━━━━━━━━━━━━━━━━━━━╇━━━━━━╇━━━━━━━━━━━━━━━━━━━━━━━━━━━━━━━━━━━━━━━━━┩
│ 0 │ Lokar Simmons⭐✋🥩🚨   │    0 │ 0 RESOURCEFUL [2⟲] Draw a card          │
│ 1 │ Compliance Auditon⚙️ 🚨  │    2 │ 0 LITIGIOUS GRIDLOCK [1⟲] Target goon   │
│   │                         │      │ does not unwind in its next unwind      │
│   │                         │      │ phase.                                  │
│ 2 │ Detainment Probe⚙️ 🚨    │    0 │ 0 SHACKLE BEAM [1⟲] Target Goon may not │
│   │                         │      │ unwind, act or contribute wind to       │
│   │                         │      │ deploy next turn.                       │
│ 3 │ Target Marker Probe⚙️ 🚨 │    0 │ 0 MARK TARGET [1⟲] When a Goon adds     │
│   │                         │      │ wind as damage to the MARKED target     │
│   │                         │      │ this turn, increase by 1. Nob Lobber    │
│   │                         │      │ and Marine Marauder may forego wind     │
│   │                         │      │ cost when targeting only the MARKED     │
│   │                         │      │ target.                                 │
└───┴─────────────────────────┴──────┴─────────────────────────────────────────┘
Dead Pool 🥩:0 ⚙️ :0
         NARC P2 hand (6)         
┏━━━┳━━━━━━━━━━━━━━━━━━━━━┳━━━━━━┓
┃ # ┃ Name                ┃ Cost ┃
┡━━━╇━━━━━━━━━━━━━━━━━━━━━╇━━━━━━┩
│ 0 │ Task Mistres⚙️ 🚨    │ 2⟲   │
│ 1 │ K-9.0⚙️ 🚨           │ 3⟲   │
│ 2 │ Dormex Lurker🚫⚙️ 🚨 │ 2⟲   │
│ 3 │ K-9.0⚙️ 🚨           │ 3⟲   │
│ 4 │ Task Mistres⚙️ 🚨    │ 2⟲   │
│ 5 │ Buzzkill🔶✋⚙️ 🚨    │ 5⟲   │
└───┴─────────────────────┴──────┘
Previous Turn
Turn 6 ends. P1 leaves 4 goons on the board. P1 now has 4 board / 6 hand 
(retired 0); P2 has 4 board / 5 hand (retired 0). Dead Pool holds 0.
  P1 deployed Primordial Oozer.
Turn 7 ends. P2 leaves 4 goons on the board. P1 now has 4 board / 6 hand 
(retired 0); P2 has 4 board / 5 hand (retired 1). Dead Pool holds 2.
  P2 deployed Task Mistres.
  P2's Compliance Auditon was retired.
  Compliance Auditon was sent to the Dead Pool.
  Compliance Auditon was sent to the Dead Pool.
Turn 8 | Player: P1
                                 NARC Board P2                                  
┏━━━┳━━━━━━━━━━━━━━━━━━━━━━━━━┳━━━━━━┳━━━━━━━━━━━━━━━━━━━━━━━━━━━━━━━━━━━━━━━━━┓
┃ # ┃ Name                    ┃ Wind ┃ Abilities                               ┃
┡━━━╇━━━━━━━━━━━━━━━━━━━━━━━━━╇━━━━━━╇━━━━━━━━━━━━━━━━━━━━━━━━━━━━━━━━━━━━━━━━━┩
│ 0 │ Lokar Simmons⭐✋🥩🚨   │    0 │ 0 RESOURCEFUL [2⟲] Draw a card          │
│ 1 │ Detainment Probe⚙️ 🚨    │    1 │ 0 SHACKLE BEAM [1⟲] Target Goon may not │
│   │                         │      │ unwind, act or contribute wind to       │
│   │                         │      │ deploy next turn.                       │
│ 2 │ Target Marker Probe⚙️ 🚨 │    0 │ 0 MARK TARGET [1⟲] When a Goon adds     │
│   │                         │      │ wind as damage to the MARKED target     │
│   │                         │      │ this turn, increase by 1. Nob Lobber    │
│   │                         │      │ and Marine Marauder may forego wind     │
│   │                         │      │ cost when targeting only the MARKED     │
│   │                         │      │ target.                                 │
│ 3 │ Task Mistres⚙️ 🚨        │    0 │ 0 BIDE TIME Mistrex gains Resist until  │
│   │                         │      │ beginning of Player's next turn.        │
│   │                         │      │ 1 TAZING CRACK [1⟲] Target Goon does    │
│   │                         │      │ not unwind during its next unwind.      │
│   │                         │      │ 2 DOMINATE [2⟲] Use target Goon ability │
│   │                         │      │ on a target of Player's choice. Target  │
│   │                         │      │ Goon pays wind as it would on its turn. │
└───┴─────────────────────────┴──────┴─────────────────────────────────────────┘
                                  PCU Board P1                                  
┏━━━┳━━━━━━━━━━━━━━━━━━━━━━┳━━━━━━┳━━━━━━━━━━━━━━━━━━━━━━━━━━━━━━━━━━━━━━━━━━━━┓
┃ # ┃ Name                 ┃ Wind ┃ Abilities                                  ┃
┡━━━╇━━━━━━━━━━━━━━━━━━━━━━╇━━━━━━╇━━━━━━━━━━━━━━━━━━━━━━━━━━━━━━━━━━━━━━━━━━━━┩
│ 0 │ Grim⭐✋🥩🌀         │    0 │ 0 DEFILE NATURE Remove 1 wind from any     │
│   │                      │      │ target Goon.                               │
│ 1 │ Meat Vegetable🥩🌀   │    0 │ -                                          │
│ 2 │ Void Freak🚫🥩🌀     │    1 │ 0 THRASHING VAULT [1⟲] Add 1 wind to       │
│   │                      │      │ target Goon. Must always use this ability  │
│   │                      │      │ on owners turn if able                     │
│   │                      │      │ 1 BLOODLUST Must attack if able.           │
│ 3 │ Primordial Oozer🥩🌀 │    0 │ 0 DISCHARGE [1⟲] Add 1 wind to target Goon │
│   │                      │      │ 1 GOOP Unfriendly Goon who targets Oozer   │
│   │                      │      │ with an ability does not unwind during its │
│   │                      │      │ next unwind phase.                         │
└───┴──────────────────────┴──────┴────────────────────────────────────────────┘
Dead Pool 🥩:0 ⚙️ :2
          PCU P1 hand (7)           
┏━━━┳━━━━━━━━━━━━━━━━━━━━━━━┳━━━━━━┓
┃ # ┃ Name                  ┃ Cost ┃
┡━━━╇━━━━━━━━━━━━━━━━━━━━━━━╇━━━━━━┩
│ 0 │ Nives⚙️ 🌀             │ 4⟲   │
│ 1 │ Käsekobold🥩🌀        │ 2⟲   │
│ 2 │ Mutt⚙️ 🌀              │ 4⟲   │
│ 3 │ Dragoon⚙️ 🌀           │ 6⟲   │
│ 4 │ Mutt⚙️ 🌀              │ 4⟲   │
│ 5 │ Annihilist Overseer🌀 │ 4⟲   │
│ 6 │ Krax🔶✋🥩🌀          │ 6⟲   │
└───┴───────────────────────┴──────┘
Previous Turn
Turn 7 ends. P2 leaves 4 goons on the board. P1 now has 4 board / 6 hand 
(retired 0); P2 has 4 board / 5 hand (retired 1). Dead Pool holds 2.
  P2 deployed Task Mistres.
  P2's Compliance Auditon was retired.
  Compliance Auditon was sent to the Dead Pool.
  Compliance Auditon was sent to the Dead Pool.
Turn 8 ends. P1 leaves 5 goons on the board. P1 now has 5 board / 6 hand 
(retired 0); P2 has 4 board / 5 hand (retired 1). Dead Pool holds 2.
  P1 deployed Käsekobold.
Turn 9 | Player: P2
                                  PCU Board P1                                  
┏━━━┳━━━━━━━━━━━━━━━━━━━━━━┳━━━━━━┳━━━━━━━━━━━━━━━━━━━━━━━━━━━━━━━━━━━━━━━━━━━━┓
┃ # ┃ Name                 ┃ Wind ┃ Abilities                                  ┃
┡━━━╇━━━━━━━━━━━━━━━━━━━━━━╇━━━━━━╇━━━━━━━━━━━━━━━━━━━━━━━━━━━━━━━━━━━━━━━━━━━━┩
│ 0 │ Grim⭐✋🥩🌀         │    0 │ 0 DEFILE NATURE Remove 1 wind from any     │
│   │                      │      │ target Goon.                               │
│ 1 │ Meat Vegetable🥩🌀   │    2 │ -                                          │
│ 2 │ Void Freak🚫🥩🌀     │    2 │ 0 THRASHING VAULT [1⟲] Add 1 wind to       │
│   │                      │      │ target Goon. Must always use this ability  │
│   │                      │      │ on owners turn if able                     │
│   │                      │      │ 1 BLOODLUST Must attack if able.           │
│ 3 │ Primordial Oozer🥩🌀 │    0 │ 0 DISCHARGE [1⟲] Add 1 wind to target Goon │
│   │                      │      │ 1 GOOP Unfriendly Goon who targets Oozer   │
│   │                      │      │ with an ability does not unwind during its │
│   │                      │      │ next unwind phase.                         │
│ 4 │ Käsekobold🥩🌀       │    1 │ 0 ADD NAUSEAM [1⟲] Add 1 wind to target    │
│   │                      │      │ Goon                                       │
│   │                      │      │ 1 REVOLT Add 1 wind to any Goon who        │
│   │                      │      │ targets Käsekobold with ability            │
└───┴──────────────────────┴──────┴────────────────────────────────────────────┘
                                 NARC Board P2                                  
┏━━━┳━━━━━━━━━━━━━━━━━━━━━━━━━┳━━━━━━┳━━━━━━━━━━━━━━━━━━━━━━━━━━━━━━━━━━━━━━━━━┓
┃ # ┃ Name                    ┃ Wind ┃ Abilities                               ┃
┡━━━╇━━━━━━━━━━━━━━━━━━━━━━━━━╇━━━━━━╇━━━━━━━━━━━━━━━━━━━━━━━━━━━━━━━━━━━━━━━━━┩
│ 0 │ Lokar Simmons⭐✋🥩🚨   │    0 │ 0 RESOURCEFUL [2⟲] Draw a card          │
│ 1 │ Detainment Probe⚙️ 🚨    │    1 │ 0 SHACKLE BEAM [1⟲] Target Goon may not │
│   │                         │      │ unwind, act or contribute wind to       │
│   │                         │      │ deploy next turn.                       │
│ 2 │ Target Marker Probe⚙️ 🚨 │    0 │ 0 MARK TARGET [1⟲] When a Goon adds     │
│   │                         │      │ wind as damage to the MARKED target     │
│   │                         │      │ this turn, increase by 1. Nob Lobber    │
│   │                         │      │ and Marine Marauder may forego wind     │
│   │                         │      │ cost when targeting only the MARKED     │
│   │                         │      │ target.                                 │
│ 3 │ Task Mistres⚙️ 🚨        │    0 │ 0 BIDE TIME Mistrex gains Resist until  │
│   │                         │      │ beginning of Player's next turn.        │
│   │                         │      │ 1 TAZING CRACK [1⟲] Target Goon does    │
│   │                         │      │ not unwind during its next unwind.      │
│   │                         │      │ 2 DOMINATE [2⟲] Use target Goon ability │
│   │                         │      │ on a target of Player's choice. Target  │
│   │                         │      │ Goon pays wind as it would on its turn. │
└───┴─────────────────────────┴──────┴─────────────────────────────────────────┘
Dead Pool 🥩:0 ⚙️ :2
         NARC P2 hand (6)         
┏━━━┳━━━━━━━━━━━━━━━━━━━━━┳━━━━━━┓
┃ # ┃ Name                ┃ Cost ┃
┡━━━╇━━━━━━━━━━━━━━━━━━━━━╇━━━━━━┩
│ 0 │ K-9.0⚙️ 🚨           │ 3⟲   │
│ 1 │ Dormex Lurker🚫⚙️ 🚨 │ 2⟲   │
│ 2 │ K-9.0⚙️ 🚨           │ 3⟲   │
│ 3 │ Task Mistres⚙️ 🚨    │ 2⟲   │
│ 4 │ Buzzkill🔶✋⚙️ 🚨    │ 5⟲   │
│ 5 │ MediFlux-1NDS⚙️ 🚨   │ 2⟲   │
└───┴─────────────────────┴──────┘
Previous Turn
Turn 8 ends. P1 leaves 5 goons on the board. P1 now has 5 board / 6 hand 
(retired 0); P2 has 4 board / 5 hand (retired 1). Dead Pool holds 2.
  P1 deployed Käsekobold.
Turn 9 ends. P2 leaves 5 goons on the board. P1 now has 5 board / 6 hand 
(retired 0); P2 has 5 board / 5 hand (retired 1). Dead Pool holds 2.
  P2 deployed Dormex Lurker.
Turn 10 | Player: P1
                                 NARC Board P2                                  
┏━━━┳━━━━━━━━━━━━━━━━━━━━━━━━━┳━━━━━━┳━━━━━━━━━━━━━━━━━━━━━━━━━━━━━━━━━━━━━━━━━┓
┃ # ┃ Name                    ┃ Wind ┃ Abilities                               ┃
┡━━━╇━━━━━━━━━━━━━━━━━━━━━━━━━╇━━━━━━╇━━━━━━━━━━━━━━━━━━━━━━━━━━━━━━━━━━━━━━━━━┩
│ 0 │ Lokar Simmons⭐✋🥩🚨   │    0 │ 0 RESOURCEFUL [2⟲] Draw a card          │
│ 1 │ Detainment Probe⚙️ 🚨    │    3 │ 0 SHACKLE BEAM [1⟲] Target Goon may not │
│   │                         │      │ unwind, act or contribute wind to       │
│   │                         │      │ deploy next turn.                       │
│ 2 │ Target Marker Probe⚙️ 🚨 │    0 │ 0 MARK TARGET [1⟲] When a Goon adds     │
│   │                         │      │ wind as damage to the MARKED target     │
│   │                         │      │ this turn, increase by 1. Nob Lobber    │
│   │                         │      │ and Marine Marauder may forego wind     │
│   │                         │      │ cost when targeting only the MARKED     │
│   │                         │      │ target.                                 │
│ 3 │ Task Mistres⚙️ 🚨        │    0 │ 0 BIDE TIME Mistrex gains Resist until  │
│   │                         │      │ beginning of Player's next turn.        │
│   │                         │      │ 1 TAZING CRACK [1⟲] Target Goon does    │
│   │                         │      │ not unwind during its next unwind.      │
│   │                         │      │ 2 DOMINATE [2⟲] Use target Goon ability │
│   │                         │      │ on a target of Player's choice. Target  │
│   │                         │      │ Goon pays wind as it would on its turn. │
│ 4 │ Dormex Lurker🚫⚙️ 🚨     │    0 │ 0 SELF DESTRUCT Destroy Lurker, add 3   │
│   │                         │      │ wind to target Goon                     │
│   │                         │      │ 1 REACTIVE MUNITIONS Destroy Goon who   │
│   │                         │      │ destroys Lurker.                        │
└───┴─────────────────────────┴──────┴─────────────────────────────────────────┘
                                  PCU Board P1                                  
┏━━━┳━━━━━━━━━━━━━━━━━━━━━━┳━━━━━━┳━━━━━━━━━━━━━━━━━━━━━━━━━━━━━━━━━━━━━━━━━━━━┓
┃ # ┃ Name                 ┃ Wind ┃ Abilities                                  ┃
┡━━━╇━━━━━━━━━━━━━━━━━━━━━━╇━━━━━━╇━━━━━━━━━━━━━━━━━━━━━━━━━━━━━━━━━━━━━━━━━━━━┩
│ 0 │ Grim⭐✋🥩🌀         │    0 │ 0 DEFILE NATURE Remove 1 wind from any     │
│   │                      │      │ target Goon.                               │
│ 1 │ Meat Vegetable🥩🌀   │    1 │ -                                          │
│ 2 │ Void Freak🚫🥩🌀     │    2 │ 0 THRASHING VAULT [1⟲] Add 1 wind to       │
│   │                      │      │ target Goon. Must always use this ability  │
│   │                      │      │ on owners turn if able                     │
│   │                      │      │ 1 BLOODLUST Must attack if able.           │
│ 3 │ Primordial Oozer🥩🌀 │    0 │ 0 DISCHARGE [1⟲] Add 1 wind to target Goon │
│   │                      │      │ 1 GOOP Unfriendly Goon who targets Oozer   │
│   │                      │      │ with an ability does not unwind during its │
│   │                      │      │ next unwind phase.                         │
│ 4 │ Käsekobold🥩🌀       │    0 │ 0 ADD NAUSEAM [1⟲] Add 1 wind to target    │
│   │                      │      │ Goon                                       │
│   │                      │      │ 1 REVOLT Add 1 wind to any Goon who        │
│   │                      │      │ targets Käsekobold with ability            │
└───┴──────────────────────┴──────┴────────────────────────────────────────────┘
Dead Pool 🥩:0 ⚙️ :2
          PCU P1 hand (7)           
┏━━━┳━━━━━━━━━━━━━━━━━━━━━━━┳━━━━━━┓
┃ # ┃ Name                  ┃ Cost ┃
┡━━━╇━━━━━━━━━━━━━━━━━━━━━━━╇━━━━━━┩
│ 0 │ Nives⚙️ 🌀             │ 4⟲   │
│ 1 │ Mutt⚙️ 🌀              │ 4⟲   │
│ 2 │ Dragoon⚙️ 🌀           │ 6⟲   │
│ 3 │ Mutt⚙️ 🌀              │ 4⟲   │
│ 4 │ Annihilist Overseer🌀 │ 4⟲   │
│ 5 │ Krax🔶✋🥩🌀          │ 6⟲   │
│ 6 │ Käsekobold🥩🌀        │ 2⟲   │
└───┴───────────────────────┴──────┘
Previous Turn
Turn 9 ends. P2 leaves 5 goons on the board. P1 now has 5 board / 6 hand 
(retired 0); P2 has 5 board / 5 hand (retired 1). Dead Pool holds 2.
  P2 deployed Dormex Lurker.
Turn 10 ends. P1 leaves 6 goons on the board. P1 now has 6 board / 6 hand 
(retired 0); P2 has 4 board / 5 hand (retired 2). Dead Pool holds 3.
  P1 deployed Käsekobold.
  Opponent (P2)'s Detainment Probe was retired.
  Detainment Probe was sent to the Dead Pool.
Turn 11 | Player: P2
                                  PCU Board P1                                  
┏━━━┳━━━━━━━━━━━━━━━━━━━━━━┳━━━━━━┳━━━━━━━━━━━━━━━━━━━━━━━━━━━━━━━━━━━━━━━━━━━━┓
┃ # ┃ Name                 ┃ Wind ┃ Abilities                                  ┃
┡━━━╇━━━━━━━━━━━━━━━━━━━━━━╇━━━━━━╇━━━━━━━━━━━━━━━━━━━━━━━━━━━━━━━━━━━━━━━━━━━━┩
│ 0 │ Grim⭐✋🥩🌀         │    0 │ 0 DEFILE NATURE Remove 1 wind from any     │
│   │                      │      │ target Goon.                               │
│ 1 │ Meat Vegetable🥩🌀   │    3 │ -                                          │
│ 2 │ Void Freak🚫🥩🌀     │    3 │ 0 THRASHING VAULT [1⟲] Add 1 wind to       │
│   │                      │      │ target Goon. Must always use this ability  │
│   │                      │      │ on owners turn if able                     │
│   │                      │      │ 1 BLOODLUST Must attack if able.           │
│ 3 │ Primordial Oozer🥩🌀 │    0 │ 0 DISCHARGE [1⟲] Add 1 wind to target Goon │
│   │                      │      │ 1 GOOP Unfriendly Goon who targets Oozer   │
│   │                      │      │ with an ability does not unwind during its │
│   │                      │      │ next unwind phase.                         │
│ 4 │ Käsekobold🥩🌀       │    0 │ 0 ADD NAUSEAM [1⟲] Add 1 wind to target    │
│   │                      │      │ Goon                                       │
│   │                      │      │ 1 REVOLT Add 1 wind to any Goon who        │
│   │                      │      │ targets Käsekobold with ability            │
│ 5 │ Käsekobold🥩🌀       │    1 │ 0 ADD NAUSEAM [1⟲] Add 1 wind to target    │
│   │                      │      │ Goon                                       │
│   │                      │      │ 1 REVOLT Add 1 wind to any Goon who        │
│   │                      │      │ targets Käsekobold with ability            │
└───┴──────────────────────┴──────┴────────────────────────────────────────────┘
                                 NARC Board P2                                  
┏━━━┳━━━━━━━━━━━━━━━━━━━━━━━━━┳━━━━━━┳━━━━━━━━━━━━━━━━━━━━━━━━━━━━━━━━━━━━━━━━━┓
┃ # ┃ Name                    ┃ Wind ┃ Abilities                               ┃
┡━━━╇━━━━━━━━━━━━━━━━━━━━━━━━━╇━━━━━━╇━━━━━━━━━━━━━━━━━━━━━━━━━━━━━━━━━━━━━━━━━┩
│ 0 │ Lokar Simmons⭐✋🥩🚨   │    0 │ 0 RESOURCEFUL [2⟲] Draw a card          │
│ 1 │ Target Marker Probe⚙️ 🚨 │    0 │ 0 MARK TARGET [1⟲] When a Goon adds     │
│   │                         │      │ wind as damage to the MARKED target     │
│   │                         │      │ this turn, increase by 1. Nob Lobber    │
│   │                         │      │ and Marine Marauder may forego wind     │
│   │                         │      │ cost when targeting only the MARKED     │
│   │                         │      │ target.                                 │
│ 2 │ Task Mistres⚙️ 🚨        │    0 │ 0 BIDE TIME Mistrex gains Resist until  │
│   │                         │      │ beginning of Player's next turn.        │
│   │                         │      │ 1 TAZING CRACK [1⟲] Target Goon does    │
│   │                         │      │ not unwind during its next unwind.      │
│   │                         │      │ 2 DOMINATE [2⟲] Use target Goon ability │
│   │                         │      │ on a target of Player's choice. Target  │
│   │                         │      │ Goon pays wind as it would on its turn. │
│ 3 │ Dormex Lurker🚫⚙️ 🚨     │    0 │ 0 SELF DESTRUCT Destroy Lurker, add 3   │
│   │                         │      │ wind to target Goon                     │
│   │                         │      │ 1 REACTIVE MUNITIONS Destroy Goon who   │
│   │                         │      │ destroys Lurker.                        │
└───┴─────────────────────────┴──────┴─────────────────────────────────────────┘
Dead Pool 🥩:0 ⚙️ :3
        NARC P2 hand (6)        
┏━━━┳━━━━━━━━━━━━━━━━━━━┳━━━━━━┓
┃ # ┃ Name              ┃ Cost ┃
┡━━━╇━━━━━━━━━━━━━━━━━━━╇━━━━━━┩
│ 0 │ K-9.0⚙️ 🚨         │ 3⟲   │
│ 1 │ K-9.0⚙️ 🚨         │ 3⟲   │
│ 2 │ Task Mistres⚙️ 🚨  │ 2⟲   │
│ 3 │ Buzzkill🔶✋⚙️ 🚨  │ 5⟲   │
│ 4 │ MediFlux-1NDS⚙️ 🚨 │ 2⟲   │
│ 5 │ Nob Lobber⚙️ 🚨    │ 4⟲   │
└───┴───────────────────┴──────┘
Previous Turn
Turn 10 ends. P1 leaves 6 goons on the board. P1 now has 6 board / 6 hand 
(retired 0); P2 has 4 board / 5 hand (retired 2). Dead Pool holds 3.
  P1 deployed Käsekobold.
  Opponent (P2)'s Detainment Probe was retired.
  Detainment Probe was sent to the Dead Pool.
Turn 11 ends. P2 leaves 5 goons on the board. P1 now has 5 board / 6 hand 
(retired 1); P2 has 5 board / 5 hand (retired 2). Dead Pool holds 4.
  P2 deployed Task Mistres.
  Opponent (P1)'s Void Freak was retired.
  Void Freak was sent to the Dead Pool.
Turn 12 | Player: P1
                                 NARC Board P2                                  
┏━━━┳━━━━━━━━━━━━━━━━━━━━━━━━━┳━━━━━━┳━━━━━━━━━━━━━━━━━━━━━━━━━━━━━━━━━━━━━━━━━┓
┃ # ┃ Name                    ┃ Wind ┃ Abilities                               ┃
┡━━━╇━━━━━━━━━━━━━━━━━━━━━━━━━╇━━━━━━╇━━━━━━━━━━━━━━━━━━━━━━━━━━━━━━━━━━━━━━━━━┩
│ 0 │ Lokar Simmons⭐✋🥩🚨   │    0 │ 0 RESOURCEFUL [2⟲] Draw a card          │
│ 1 │ Target Marker Probe⚙️ 🚨 │    2 │ 0 MARK TARGET [1⟲] When a Goon adds     │
│   │                         │      │ wind as damage to the MARKED target     │
│   │                         │      │ this turn, increase by 1. Nob Lobber    │
│   │                         │      │ and Marine Marauder may forego wind     │
│   │                         │      │ cost when targeting only the MARKED     │
│   │                         │      │ target.                                 │
│ 2 │ Task Mistres⚙️ 🚨        │    0 │ 0 BIDE TIME Mistrex gains Resist until  │
│   │                         │      │ beginning of Player's next turn.        │
│   │                         │      │ 1 TAZING CRACK [1⟲] Target Goon does    │
│   │                         │      │ not unwind during its next unwind.      │
│   │                         │      │ 2 DOMINATE [2⟲] Use target Goon ability │
│   │                         │      │ on a target of Player's choice. Target  │
│   │                         │      │ Goon pays wind as it would on its turn. │
│ 3 │ Dormex Lurker🚫⚙️ 🚨     │    0 │ 0 SELF DESTRUCT Destroy Lurker, add 3   │
│   │                         │      │ wind to target Goon                     │
│   │                         │      │ 1 REACTIVE MUNITIONS Destroy Goon who   │
│   │                         │      │ destroys Lurker.                        │
│ 4 │ Task Mistres⚙️ 🚨        │    0 │ 0 BIDE TIME Mistrex gains Resist until  │
│   │                         │      │ beginning of Player's next turn.        │
│   │                         │      │ 1 TAZING CRACK [1⟲] Target Goon does    │
│   │                         │      │ not unwind during its next unwind.      │
│   │                         │      │ 2 DOMINATE [2⟲] Use target Goon ability │
│   │                         │      │ on a target of Player's choice. Target  │
│   │                         │      │ Goon pays wind as it would on its turn. │
└───┴─────────────────────────┴──────┴─────────────────────────────────────────┘
                                  PCU Board P1                                  
┏━━━┳━━━━━━━━━━━━━━━━━━━━━━┳━━━━━━┳━━━━━━━━━━━━━━━━━━━━━━━━━━━━━━━━━━━━━━━━━━━━┓
┃ # ┃ Name                 ┃ Wind ┃ Abilities                                  ┃
┡━━━╇━━━━━━━━━━━━━━━━━━━━━━╇━━━━━━╇━━━━━━━━━━━━━━━━━━━━━━━━━━━━━━━━━━━━━━━━━━━━┩
│ 0 │ Grim⭐✋🥩🌀         │    0 │ 0 DEFILE NATURE Remove 1 wind from any     │
│   │                      │      │ target Goon.                               │
│ 1 │ Meat Vegetable🥩🌀   │    2 │ -                                          │
│ 2 │ Primordial Oozer🥩🌀 │    0 │ 0 DISCHARGE [1⟲] Add 1 wind to target Goon │
│   │                      │      │ 1 GOOP Unfriendly Goon who targets Oozer   │
│   │                      │      │ with an ability does not unwind during its │
│   │                      │      │ next unwind phase.                         │
│ 3 │ Käsekobold🥩🌀       │    0 │ 0 ADD NAUSEAM [1⟲] Add 1 wind to target    │
│   │                      │      │ Goon                                       │
│   │                      │      │ 1 REVOLT Add 1 wind to any Goon who        │
│   │                      │      │ targets Käsekobold with ability            │
│ 4 │ Käsekobold🥩🌀       │    0 │ 0 ADD NAUSEAM [1⟲] Add 1 wind to target    │
│   │                      │      │ Goon                                       │
│   │                      │      │ 1 REVOLT Add 1 wind to any Goon who        │
│   │                      │      │ targets Käsekobold with ability            │
└───┴──────────────────────┴──────┴────────────────────────────────────────────┘
Dead Pool 🥩:1 ⚙️ :3
          PCU P1 hand (7)           
┏━━━┳━━━━━━━━━━━━━━━━━━━━━━━┳━━━━━━┓
┃ # ┃ Name                  ┃ Cost ┃
┡━━━╇━━━━━━━━━━━━━━━━━━━━━━━╇━━━━━━┩
│ 0 │ Nives⚙️ 🌀             │ 4⟲   │
│ 1 │ Mutt⚙️ 🌀              │ 4⟲   │
│ 2 │ Dragoon⚙️ 🌀           │ 6⟲   │
│ 3 │ Mutt⚙️ 🌀              │ 4⟲   │
│ 4 │ Annihilist Overseer🌀 │ 4⟲   │
│ 5 │ Krax🔶✋🥩🌀          │ 6⟲   │
│ 6 │ Krax🔶✋🥩🌀          │ 6⟲   │
└───┴───────────────────────┴──────┘
Previous Turn
Turn 11 ends. P2 leaves 5 goons on the board. P1 now has 5 board / 6 hand 
(retired 1); P2 has 5 board / 5 hand (retired 2). Dead Pool holds 4.
  P2 deployed Task Mistres.
  Opponent (P1)'s Void Freak was retired.
  Void Freak was sent to the Dead Pool.
cannot deploy: requires Vex on your board
cannot deploy: requires Krax on your board
cannot deploy: requires Krax on your board
Turn 12 ends. P1 leaves 5 goons on the board. P1 now has 5 board / 6 hand 
(retired 2); P2 has 5 board / 5 hand (retired 2). Dead Pool holds 6.
  P1 deployed Annihilist Overseer.
  P1's Meat Vegetable was retired.
  Meat Vegetable was sent to the Dead Pool.
  Meat Vegetable was sent to the Dead Pool.
Turn 13 | Player: P2
                                  PCU Board P1                                  
┏━━━┳━━━━━━━━━━━━━━━━━━━━━━━┳━━━━━━┳━━━━━━━━━━━━━━━━━━━━━━━━━━━━━━━━━━━━━━━━━━━┓
┃ # ┃ Name                  ┃ Wind ┃ Abilities                                 ┃
┡━━━╇━━━━━━━━━━━━━━━━━━━━━━━╇━━━━━━╇━━━━━━━━━━━━━━━━━━━━━━━━━━━━━━━━━━━━━━━━━━━┩
│ 0 │ Grim⭐✋🥩🌀          │    0 │ 0 DEFILE NATURE Remove 1 wind from any    │
│   │                       │      │ target Goon.                              │
│ 1 │ Primordial Oozer🥩🌀  │    3 │ 0 DISCHARGE [1⟲] Add 1 wind to target     │
│   │                       │      │ Goon                                      │
│   │                       │      │ 1 GOOP Unfriendly Goon who targets Oozer  │
│   │                       │      │ with an ability does not unwind during    │
│   │                       │      │ its next unwind phase.                    │
│ 2 │ Käsekobold🥩🌀        │    0 │ 0 ADD NAUSEAM [1⟲] Add 1 wind to target   │
│   │                       │      │ Goon                                      │
│   │                       │      │ 1 REVOLT Add 1 wind to any Goon who       │
│   │                       │      │ targets Käsekobold with ability           │
│ 3 │ Käsekobold🥩🌀        │    0 │ 0 ADD NAUSEAM [1⟲] Add 1 wind to target   │
│   │                       │      │ Goon                                      │
│   │                       │      │ 1 REVOLT Add 1 wind to any Goon who       │
│   │                       │      │ targets Käsekobold with ability           │
│ 4 │ Annihilist Overseer🌀 │    0 │ 0 BLIND [1⟲] Target Goon may not use      │
│   │                       │      │ abilities or contribute wind on its next  │
│   │                       │      │ turn.                                     │
│   │                       │      │ 1 BEHEAD [3⟲] Destroy target Goon.        │
└───┴───────────────────────┴──────┴───────────────────────────────────────────┘
                                 NARC Board P2                                  
┏━━━┳━━━━━━━━━━━━━━━━━━━━━━━━━┳━━━━━━┳━━━━━━━━━━━━━━━━━━━━━━━━━━━━━━━━━━━━━━━━━┓
┃ # ┃ Name                    ┃ Wind ┃ Abilities                               ┃
┡━━━╇━━━━━━━━━━━━━━━━━━━━━━━━━╇━━━━━━╇━━━━━━━━━━━━━━━━━━━━━━━━━━━━━━━━━━━━━━━━━┩
│ 0 │ Lokar Simmons⭐✋🥩🚨   │    0 │ 0 RESOURCEFUL [2⟲] Draw a card          │
│ 1 │ Target Marker Probe⚙️ 🚨 │    2 │ 0 MARK TARGET [1⟲] When a Goon adds     │
│   │                         │      │ wind as damage to the MARKED target     │
│   │                         │      │ this turn, increase by 1. Nob Lobber    │
│   │                         │      │ and Marine Marauder may forego wind     │
│   │                         │      │ cost when targeting only the MARKED     │
│   │                         │      │ target.                                 │
│ 2 │ Task Mistres⚙️ 🚨        │    0 │ 0 BIDE TIME Mistrex gains Resist until  │
│   │                         │      │ beginning of Player's next turn.        │
│   │                         │      │ 1 TAZING CRACK [1⟲] Target Goon does    │
│   │                         │      │ not unwind during its next unwind.      │
│   │                         │      │ 2 DOMINATE [2⟲] Use target Goon ability │
│   │                         │      │ on a target of Player's choice. Target  │
│   │                         │      │ Goon pays wind as it would on its turn. │
│ 3 │ Dormex Lurker🚫⚙️ 🚨     │    0 │ 0 SELF DESTRUCT Destroy Lurker, add 3   │
│   │                         │      │ wind to target Goon                     │
│   │                         │      │ 1 REACTIVE MUNITIONS Destroy Goon who   │
│   │                         │      │ destroys Lurker.                        │
│ 4 │ Task Mistres⚙️ 🚨        │    0 │ 0 BIDE TIME Mistrex gains Resist until  │
│   │                         │      │ beginning of Player's next turn.        │
│   │                         │      │ 1 TAZING CRACK [1⟲] Target Goon does    │
│   │                         │      │ not unwind during its next unwind.      │
│   │                         │      │ 2 DOMINATE [2⟲] Use target Goon ability │
│   │                         │      │ on a target of Player's choice. Target  │
│   │                         │      │ Goon pays wind as it would on its turn. │
└───┴─────────────────────────┴──────┴─────────────────────────────────────────┘
Dead Pool 🥩:3 ⚙️ :3
        NARC P2 hand (6)        
┏━━━┳━━━━━━━━━━━━━━━━━━━┳━━━━━━┓
┃ # ┃ Name              ┃ Cost ┃
┡━━━╇━━━━━━━━━━━━━━━━━━━╇━━━━━━┩
│ 0 │ K-9.0⚙️ 🚨         │ 3⟲   │
│ 1 │ K-9.0⚙️ 🚨         │ 3⟲   │
│ 2 │ Buzzkill🔶✋⚙️ 🚨  │ 5⟲   │
│ 3 │ MediFlux-1NDS⚙️ 🚨 │ 2⟲   │
│ 4 │ Nob Lobber⚙️ 🚨    │ 4⟲   │
│ 5 │ Hover Shield⚙️ 🚨  │ 2⟲   │
└───┴───────────────────┴──────┘
Previous Turn
Turn 12 ends. P1 leaves 5 goons on the board. P1 now has 5 board / 6 hand 
(retired 2); P2 has 5 board / 5 hand (retired 2). Dead Pool holds 6.
  P1 deployed Annihilist Overseer.
  P1's Meat Vegetable was retired.
  Meat Vegetable was sent to the Dead Pool.
  Meat Vegetable was sent to the Dead Pool.
Turn 13 ends. P2 leaves 5 goons on the board. P1 now has 4 board / 6 hand 
(retired 3); P2 has 5 board / 5 hand (retired 3). Dead Pool holds 9.
  P2 deployed MediFlux-1NDS.
  P2's Target Marker Probe was retired.
  Opponent (P1)'s Primordial Oozer was retired.
  Target Marker Probe was sent to the Dead Pool.
  Target Marker Probe was sent to the Dead Pool.
  Primordial Oozer was sent to the Dead Pool.
Turn 14 | Player: P1
                                 NARC Board P2                                  
┏━━━┳━━━━━━━━━━━━━━━━━━━━━━━┳━━━━━━┳━━━━━━━━━━━━━━━━━━━━━━━━━━━━━━━━━━━━━━━━━━━┓
┃ # ┃ Name                  ┃ Wind ┃ Abilities                                 ┃
┡━━━╇━━━━━━━━━━━━━━━━━━━━━━━╇━━━━━━╇━━━━━━━━━━━━━━━━━━━━━━━━━━━━━━━━━━━━━━━━━━━┩
│ 0 │ Lokar Simmons⭐✋🥩🚨 │    0 │ 0 RESOURCEFUL [2⟲] Draw a card            │
│ 1 │ Task Mistres⚙️ 🚨      │    0 │ 0 BIDE TIME Mistrex gains Resist until    │
│   │                       │      │ beginning of Player's next turn.          │
│   │                       │      │ 1 TAZING CRACK [1⟲] Target Goon does not  │
│   │                       │      │ unwind during its next unwind.            │
│   │                       │      │ 2 DOMINATE [2⟲] Use target Goon ability   │
│   │                       │      │ on a target of Player's choice. Target    │
│   │                       │      │ Goon pays wind as it would on its turn.   │
│ 2 │ Dormex Lurker🚫⚙️ 🚨   │    0 │ 0 SELF DESTRUCT Destroy Lurker, add 3     │
│   │                       │      │ wind to target Goon                       │
│   │                       │      │ 1 REACTIVE MUNITIONS Destroy Goon who     │
│   │                       │      │ destroys Lurker.                          │
│ 3 │ Task Mistres⚙️ 🚨      │    0 │ 0 BIDE TIME Mistrex gains Resist until    │
│   │                       │      │ beginning of Player's next turn.          │
│   │                       │      │ 1 TAZING CRACK [1⟲] Target Goon does not  │
│   │                       │      │ unwind during its next unwind.            │
│   │                       │      │ 2 DOMINATE [2⟲] Use target Goon ability   │
│   │                       │      │ on a target of Player's choice. Target    │
│   │                       │      │ Goon pays wind as it would on its turn.   │
│ 4 │ MediFlux-1NDS⚙️ 🚨     │    0 │ 0 DORSAL CAVITY RINSE [1⟲] Remove 1 wind  │
│   │                       │      │ from target Goon.                         │
└───┴───────────────────────┴──────┴───────────────────────────────────────────┘
                                  PCU Board P1                                  
┏━━━┳━━━━━━━━━━━━━━━━━━━━━━━┳━━━━━━┳━━━━━━━━━━━━━━━━━━━━━━━━━━━━━━━━━━━━━━━━━━━┓
┃ # ┃ Name                  ┃ Wind ┃ Abilities                                 ┃
┡━━━╇━━━━━━━━━━━━━━━━━━━━━━━╇━━━━━━╇━━━━━━━━━━━━━━━━━━━━━━━━━━━━━━━━━━━━━━━━━━━┩
│ 0 │ Grim⭐✋🥩🌀          │    0 │ 0 DEFILE NATURE Remove 1 wind from any    │
│   │                       │      │ target Goon.                              │
│ 1 │ Käsekobold🥩🌀        │    0 │ 0 ADD NAUSEAM [1⟲] Add 1 wind to target   │
│   │                       │      │ Goon                                      │
│   │                       │      │ 1 REVOLT Add 1 wind to any Goon who       │
│   │                       │      │ targets Käsekobold with ability           │
│ 2 │ Käsekobold🥩🌀        │    0 │ 0 ADD NAUSEAM [1⟲] Add 1 wind to target   │
│   │                       │      │ Goon                                      │
│   │                       │      │ 1 REVOLT Add 1 wind to any Goon who       │
│   │                       │      │ targets Käsekobold with ability           │
│ 3 │ Annihilist Overseer🌀 │    0 │ 0 BLIND [1⟲] Target Goon may not use      │
│   │                       │      │ abilities or contribute wind on its next  │
│   │                       │      │ turn.                                     │
│   │                       │      │ 1 BEHEAD [3⟲] Destroy target Goon.        │
└───┴───────────────────────┴──────┴───────────────────────────────────────────┘
Dead Pool 🥩:4 ⚙️ :5
        PCU P1 hand (7)        
┏━━━┳━━━━━━━━━━━━━━━━━━┳━━━━━━┓
┃ # ┃ Name             ┃ Cost ┃
┡━━━╇━━━━━━━━━━━━━━━━━━╇━━━━━━┩
│ 0 │ Nives⚙️ 🌀        │ 4⟲   │
│ 1 │ Mutt⚙️ 🌀         │ 4⟲   │
│ 2 │ Dragoon⚙️ 🌀      │ 6⟲   │
│ 3 │ Mutt⚙️ 🌀         │ 4⟲   │
│ 4 │ Krax🔶✋🥩🌀     │ 6⟲   │
│ 5 │ Krax🔶✋🥩🌀     │ 6⟲   │
│ 6 │ Void Freak🚫🥩🌀 │ 1⟲   │
└───┴──────────────────┴──────┘
Previous Turn
Turn 13 ends. P2 leaves 5 goons on the board. P1 now has 4 board / 6 hand 
(retired 3); P2 has 5 board / 5 hand (retired 3). Dead Pool holds 9.
  P2 deployed MediFlux-1NDS.
  P2's Target Marker Probe was retired.
  Opponent (P1)'s Primordial Oozer was retired.
  Target Marker Probe was sent to the Dead Pool.
  Target Marker Probe was sent to the Dead Pool.
  Primordial Oozer was sent to the Dead Pool.
Turn 14 ends. P1 leaves 5 goons on the board. P1 now has 5 board / 6 hand 
(retired 3); P2 has 5 board / 5 hand (retired 3). Dead Pool holds 9.
  P1 deployed Void Freak.
Turn 15 | Player: P2
                                  PCU Board P1                                  
┏━━━┳━━━━━━━━━━━━━━━━━━━━━━━┳━━━━━━┳━━━━━━━━━━━━━━━━━━━━━━━━━━━━━━━━━━━━━━━━━━━┓
┃ # ┃ Name                  ┃ Wind ┃ Abilities                                 ┃
┡━━━╇━━━━━━━━━━━━━━━━━━━━━━━╇━━━━━━╇━━━━━━━━━━━━━━━━━━━━━━━━━━━━━━━━━━━━━━━━━━━┩
│ 0 │ Grim⭐✋🥩🌀          │    0 │ 0 DEFILE NATURE Remove 1 wind from any    │
│   │                       │      │ target Goon.                              │
│ 1 │ Käsekobold🥩🌀        │    1 │ 0 ADD NAUSEAM [1⟲] Add 1 wind to target   │
│   │                       │      │ Goon                                      │
│   │                       │      │ 1 REVOLT Add 1 wind to any Goon who       │
│   │                       │      │ targets Käsekobold with ability           │
│ 2 │ Käsekobold🥩🌀        │    0 │ 0 ADD NAUSEAM [1⟲] Add 1 wind to target   │
│   │                       │      │ Goon                                      │
│   │                       │      │ 1 REVOLT Add 1 wind to any Goon who       │
│   │                       │      │ targets Käsekobold with ability           │
│ 3 │ Annihilist Overseer🌀 │    3 │ 0 BLIND [1⟲] Target Goon may not use      │
│   │                       │      │ abilities or contribute wind on its next  │
│   │                       │      │ turn.                                     │
│   │                       │      │ 1 BEHEAD [3⟲] Destroy target Goon.        │
│ 4 │ Void Freak🚫🥩🌀      │    0 │ 0 THRASHING VAULT [1⟲] Add 1 wind to      │
│   │                       │      │ target Goon. Must always use this ability │
│   │                       │      │ on owners turn if able                    │
│   │                       │      │ 1 BLOODLUST Must attack if able.          │
└───┴───────────────────────┴──────┴───────────────────────────────────────────┘
                                 NARC Board P2                                  
┏━━━┳━━━━━━━━━━━━━━━━━━━━━━━┳━━━━━━┳━━━━━━━━━━━━━━━━━━━━━━━━━━━━━━━━━━━━━━━━━━━┓
┃ # ┃ Name                  ┃ Wind ┃ Abilities                                 ┃
┡━━━╇━━━━━━━━━━━━━━━━━━━━━━━╇━━━━━━╇━━━━━━━━━━━━━━━━━━━━━━━━━━━━━━━━━━━━━━━━━━━┩
│ 0 │ Lokar Simmons⭐✋🥩🚨 │    0 │ 0 RESOURCEFUL [2⟲] Draw a card            │
│ 1 │ Task Mistres⚙️ 🚨      │    0 │ 0 BIDE TIME Mistrex gains Resist until    │
│   │                       │      │ beginning of Player's next turn.          │
│   │                       │      │ 1 TAZING CRACK [1⟲] Target Goon does not  │
│   │                       │      │ unwind during its next unwind.            │
│   │                       │      │ 2 DOMINATE [2⟲] Use target Goon ability   │
│   │                       │      │ on a target of Player's choice. Target    │
│   │                       │      │ Goon pays wind as it would on its turn.   │
│ 2 │ Dormex Lurker🚫⚙️ 🚨   │    0 │ 0 SELF DESTRUCT Destroy Lurker, add 3     │
│   │                       │      │ wind to target Goon                       │
│   │                       │      │ 1 REACTIVE MUNITIONS Destroy Goon who     │
│   │                       │      │ destroys Lurker.                          │
│ 3 │ Task Mistres⚙️ 🚨      │    0 │ 0 BIDE TIME Mistrex gains Resist until    │
│   │                       │      │ beginning of Player's next turn.          │
│   │                       │      │ 1 TAZING CRACK [1⟲] Target Goon does not  │
│   │                       │      │ unwind during its next unwind.            │
│   │                       │      │ 2 DOMINATE [2⟲] Use target Goon ability   │
│   │                       │      │ on a target of Player's choice. Target    │
│   │                       │      │ Goon pays wind as it would on its turn.   │
│ 4 │ MediFlux-1NDS⚙️ 🚨     │    0 │ 0 DORSAL CAVITY RINSE [1⟲] Remove 1 wind  │
│   │                       │      │ from target Goon.                         │
└───┴───────────────────────┴──────┴───────────────────────────────────────────┘
Dead Pool 🥩:4 ⚙️ :5
         NARC P2 hand (6)         
┏━━━┳━━━━━━━━━━━━━━━━━━━━━┳━━━━━━┓
┃ # ┃ Name                ┃ Cost ┃
┡━━━╇━━━━━━━━━━━━━━━━━━━━━╇━━━━━━┩
│ 0 │ K-9.0⚙️ 🚨           │ 3⟲   │
│ 1 │ K-9.0⚙️ 🚨           │ 3⟲   │
│ 2 │ Buzzkill🔶✋⚙️ 🚨    │ 5⟲   │
│ 3 │ Nob Lobber⚙️ 🚨      │ 4⟲   │
│ 4 │ Hover Shield⚙️ 🚨    │ 2⟲   │
│ 5 │ Dormex Lurker🚫⚙️ 🚨 │ 2⟲   │
└───┴─────────────────────┴──────┘
Previous Turn
Turn 14 ends. P1 leaves 5 goons on the board. P1 now has 5 board / 6 hand 
(retired 3); P2 has 5 board / 5 hand (retired 3). Dead Pool holds 9.
  P1 deployed Void Freak.
Turn 15 ends. P2 leaves 6 goons on the board. P1 now has 4 board / 6 hand 
(retired 4); P2 has 6 board / 5 hand (retired 3). Dead Pool holds 10.
  P2 deployed Hover Shield.
  Opponent (P1)'s Annihilist Overseer was retired.
  Annihilist Overseer was sent to the Dead Pool.
Turn 16 | Player: P1
                                 NARC Board P2                                  
┏━━━┳━━━━━━━━━━━━━━━━━━━━━━━┳━━━━━━┳━━━━━━━━━━━━━━━━━━━━━━━━━━━━━━━━━━━━━━━━━━━┓
┃ # ┃ Name                  ┃ Wind ┃ Abilities                                 ┃
┡━━━╇━━━━━━━━━━━━━━━━━━━━━━━╇━━━━━━╇━━━━━━━━━━━━━━━━━━━━━━━━━━━━━━━━━━━━━━━━━━━┩
│ 0 │ Lokar Simmons⭐✋🥩🚨 │    0 │ 0 RESOURCEFUL [2⟲] Draw a card            │
│ 1 │ Task Mistres⚙️ 🚨      │    2 │ 0 BIDE TIME Mistrex gains Resist until    │
│   │                       │      │ beginning of Player's next turn.          │
│   │                       │      │ 1 TAZING CRACK [1⟲] Target Goon does not  │
│   │                       │      │ unwind during its next unwind.            │
│   │                       │      │ 2 DOMINATE [2⟲] Use target Goon ability   │
│   │                       │      │ on a target of Player's choice. Target    │
│   │                       │      │ Goon pays wind as it would on its turn.   │
│ 2 │ Dormex Lurker🚫⚙️ 🚨   │    0 │ 0 SELF DESTRUCT Destroy Lurker, add 3     │
│   │                       │      │ wind to target Goon                       │
│   │                       │      │ 1 REACTIVE MUNITIONS Destroy Goon who     │
│   │                       │      │ destroys Lurker.                          │
│ 3 │ Task Mistres⚙️ 🚨      │    0 │ 0 BIDE TIME Mistrex gains Resist until    │
│   │                       │      │ beginning of Player's next turn.          │
│   │                       │      │ 1 TAZING CRACK [1⟲] Target Goon does not  │
│   │                       │      │ unwind during its next unwind.            │
│   │                       │      │ 2 DOMINATE [2⟲] Use target Goon ability   │
│   │                       │      │ on a target of Player's choice. Target    │
│   │                       │      │ Goon pays wind as it would on its turn.   │
│ 4 │ MediFlux-1NDS⚙️ 🚨     │    0 │ 0 DORSAL CAVITY RINSE [1⟲] Remove 1 wind  │
│   │                       │      │ from target Goon.                         │
│ 5 │ Hover Shield⚙️ 🚨      │    0 │ 0 COVER [1⟲] Target Goon may not be       │
│   │                       │      │ targeted by enemy Goon abilities until    │
│   │                       │      │ the beginning of player's next turn.      │
└───┴───────────────────────┴──────┴───────────────────────────────────────────┘
                                  PCU Board P1                                  
┏━━━┳━━━━━━━━━━━━━━━━━━┳━━━━━━┳━━━━━━━━━━━━━━━━━━━━━━━━━━━━━━━━━━━━━━━━━━━━━━━━┓
┃ # ┃ Name             ┃ Wind ┃ Abilities                                      ┃
┡━━━╇━━━━━━━━━━━━━━━━━━╇━━━━━━╇━━━━━━━━━━━━━━━━━━━━━━━━━━━━━━━━━━━━━━━━━━━━━━━━┩
│ 0 │ Grim⭐✋🥩🌀     │    0 │ 0 DEFILE NATURE Remove 1 wind from any target  │
│   │                  │      │ Goon.                                          │
│ 1 │ Käsekobold🥩🌀   │    0 │ 0 ADD NAUSEAM [1⟲] Add 1 wind to target Goon   │
│   │                  │      │ 1 REVOLT Add 1 wind to any Goon who targets    │
│   │                  │      │ Käsekobold with ability                        │
│ 2 │ Käsekobold🥩🌀   │    0 │ 0 ADD NAUSEAM [1⟲] Add 1 wind to target Goon   │
│   │                  │      │ 1 REVOLT Add 1 wind to any Goon who targets    │
│   │                  │      │ Käsekobold with ability                        │
│ 3 │ Void Freak🚫🥩🌀 │    0 │ 0 THRASHING VAULT [1⟲] Add 1 wind to target    │
│   │                  │      │ Goon. Must always use this ability on owners   │
│   │                  │      │ turn if able                                   │
│   │                  │      │ 1 BLOODLUST Must attack if able.               │
└───┴──────────────────┴──────┴────────────────────────────────────────────────┘
Dead Pool 🥩:4 ⚙️ :5
      PCU P1 hand (7)      
┏━━━┳━━━━━━━━━━━━━━┳━━━━━━┓
┃ # ┃ Name         ┃ Cost ┃
┡━━━╇━━━━━━━━━━━━━━╇━━━━━━┩
│ 0 │ Nives⚙️ 🌀    │ 4⟲   │
│ 1 │ Mutt⚙️ 🌀     │ 4⟲   │
│ 2 │ Dragoon⚙️ 🌀  │ 6⟲   │
│ 3 │ Mutt⚙️ 🌀     │ 4⟲   │
│ 4 │ Krax🔶✋🥩🌀 │ 6⟲   │
│ 5 │ Krax🔶✋🥩🌀 │ 6⟲   │
│ 6 │ Nives⚙️ 🌀    │ 4⟲   │
└───┴──────────────┴──────┘
Previous Turn
Turn 15 ends. P2 leaves 6 goons on the board. P1 now has 4 board / 6 hand 
(retired 4); P2 has 6 board / 5 hand (retired 3). Dead Pool holds 10.
  P2 deployed Hover Shield.
  Opponent (P1)'s Annihilist Overseer was retired.
  Annihilist Overseer was sent to the Dead Pool.
cannot deploy: requires Vex on your board
cannot deploy: requires Krax on your board
cannot deploy: requires Krax on your board
cannot deploy: requires Vex on your board
cannot deploy: requires Krax on your board
Turn 16 ends. P1 leaves 4 goons on the board. P1 now has 4 board / 6 hand 
(retired 5); P2 has 6 board / 5 hand (retired 3). Dead Pool holds 12.
  P1 deployed Krax.
  P1's Käsekobold was retired.
  Käsekobold was sent to the Dead Pool.
  Käsekobold was sent to the Dead Pool.
Turn 17 | Player: P2
                                  PCU Board P1                                  
┏━━━┳━━━━━━━━━━━━━━━━━━┳━━━━━━┳━━━━━━━━━━━━━━━━━━━━━━━━━━━━━━━━━━━━━━━━━━━━━━━━┓
┃ # ┃ Name             ┃ Wind ┃ Abilities                                      ┃
┡━━━╇━━━━━━━━━━━━━━━━━━╇━━━━━━╇━━━━━━━━━━━━━━━━━━━━━━━━━━━━━━━━━━━━━━━━━━━━━━━━┩
│ 0 │ Grim⭐✋🥩🌀     │    2 │ 0 DEFILE NATURE Remove 1 wind from any target  │
│   │                  │      │ Goon.                                          │
│ 1 │ Käsekobold🥩🌀   │    3 │ 0 ADD NAUSEAM [1⟲] Add 1 wind to target Goon   │
│   │                  │      │ 1 REVOLT Add 1 wind to any Goon who targets    │
│   │                  │      │ Käsekobold with ability                        │
│ 2 │ Void Freak🚫🥩🌀 │    0 │ 0 THRASHING VAULT [1⟲] Add 1 wind to target    │
│   │                  │      │ Goon. Must always use this ability on owners   │
│   │                  │      │ turn if able                                   │
│   │                  │      │ 1 BLOODLUST Must attack if able.               │
│ 3 │ Krax🔶✋🥩🌀     │    0 │ 0 BASH IN SKULL [1⟲] Add 2 wind to target Goon │
│   │                  │      │ 1 CHAIN REACTION If BASH IN SKULL destroys a   │
│   │                  │      │ Goon, Krax may add 2 wind to another target    │
│   │                  │      │ Goon. This may chain as long as it is able.    │
└───┴──────────────────┴──────┴────────────────────────────────────────────────┘
                                 NARC Board P2                                  
┏━━━┳━━━━━━━━━━━━━━━━━━━━━━━┳━━━━━━┳━━━━━━━━━━━━━━━━━━━━━━━━━━━━━━━━━━━━━━━━━━━┓
┃ # ┃ Name                  ┃ Wind ┃ Abilities                                 ┃
┡━━━╇━━━━━━━━━━━━━━━━━━━━━━━╇━━━━━━╇━━━━━━━━━━━━━━━━━━━━━━━━━━━━━━━━━━━━━━━━━━━┩
│ 0 │ Lokar Simmons⭐✋🥩🚨 │    0 │ 0 RESOURCEFUL [2⟲] Draw a card            │
│ 1 │ Task Mistres⚙️ 🚨      │    2 │ 0 BIDE TIME Mistrex gains Resist until    │
│   │                       │      │ beginning of Player's next turn.          │
│   │                       │      │ 1 TAZING CRACK [1⟲] Target Goon does not  │
│   │                       │      │ unwind during its next unwind.            │
│   │                       │      │ 2 DOMINATE [2⟲] Use target Goon ability   │
│   │                       │      │ on a target of Player's choice. Target    │
│   │                       │      │ Goon pays wind as it would on its turn.   │
│ 2 │ Dormex Lurker🚫⚙️ 🚨   │    0 │ 0 SELF DESTRUCT Destroy Lurker, add 3     │
│   │                       │      │ wind to target Goon                       │
│   │                       │      │ 1 REACTIVE MUNITIONS Destroy Goon who     │
│   │                       │      │ destroys Lurker.                          │
│ 3 │ Task Mistres⚙️ 🚨      │    0 │ 0 BIDE TIME Mistrex gains Resist until    │
│   │                       │      │ beginning of Player's next turn.          │
│   │                       │      │ 1 TAZING CRACK [1⟲] Target Goon does not  │
│   │                       │      │ unwind during its next unwind.            │
│   │                       │      │ 2 DOMINATE [2⟲] Use target Goon ability   │
│   │                       │      │ on a target of Player's choice. Target    │
│   │                       │      │ Goon pays wind as it would on its turn.   │
│ 4 │ MediFlux-1NDS⚙️ 🚨     │    0 │ 0 DORSAL CAVITY RINSE [1⟲] Remove 1 wind  │
│   │                       │      │ from target Goon.                         │
│ 5 │ Hover Shield⚙️ 🚨      │    0 │ 0 COVER [1⟲] Target Goon may not be       │
│   │                       │      │ targeted by enemy Goon abilities until    │
│   │                       │      │ the beginning of player's next turn.      │
└───┴───────────────────────┴──────┴───────────────────────────────────────────┘
Dead Pool 🥩:6 ⚙️ :5
         NARC P2 hand (6)         
┏━━━┳━━━━━━━━━━━━━━━━━━━━━┳━━━━━━┓
┃ # ┃ Name                ┃ Cost ┃
┡━━━╇━━━━━━━━━━━━━━━━━━━━━╇━━━━━━┩
│ 0 │ K-9.0⚙️ 🚨           │ 3⟲   │
│ 1 │ K-9.0⚙️ 🚨           │ 3⟲   │
│ 2 │ Buzzkill🔶✋⚙️ 🚨    │ 5⟲   │
│ 3 │ Nob Lobber⚙️ 🚨      │ 4⟲   │
│ 4 │ Dormex Lurker🚫⚙️ 🚨 │ 2⟲   │
│ 5 │ Nob Lobber⚙️ 🚨      │ 4⟲   │
└───┴─────────────────────┴──────┘
Previous Turn
Turn 16 ends. P1 leaves 4 goons on the board. P1 now has 4 board / 6 hand 
(retired 5); P2 has 6 board / 5 hand (retired 3). Dead Pool holds 12.
  P1 deployed Krax.
  P1's Käsekobold was retired.
  Käsekobold was sent to the Dead Pool.
  Käsekobold was sent to the Dead Pool.
Turn 17 ends. P2 leaves 6 goons on the board. P1 now has 3 board / 6 hand 
(retired 6); P2 has 6 board / 5 hand (retired 4). Dead Pool holds 15.
  P2 deployed Dormex Lurker.
  P2's Task Mistres was retired.
  Opponent (P1)'s Käsekobold was retired.
  Käsekobold was sent to the Dead Pool.
  Task Mistres was sent to the Dead Pool.
  Task Mistres was sent to the Dead Pool.
Turn 18 | Player: P1
                                 NARC Board P2                                  
┏━━━┳━━━━━━━━━━━━━━━━━━━━━━━┳━━━━━━┳━━━━━━━━━━━━━━━━━━━━━━━━━━━━━━━━━━━━━━━━━━━┓
┃ # ┃ Name                  ┃ Wind ┃ Abilities                                 ┃
┡━━━╇━━━━━━━━━━━━━━━━━━━━━━━╇━━━━━━╇━━━━━━━━━━━━━━━━━━━━━━━━━━━━━━━━━━━━━━━━━━━┩
│ 0 │ Lokar Simmons⭐✋🥩🚨 │    0 │ 0 RESOURCEFUL [2⟲] Draw a card            │
│ 1 │ Dormex Lurker🚫⚙️ 🚨   │    0 │ 0 SELF DESTRUCT Destroy Lurker, add 3     │
│   │                       │      │ wind to target Goon                       │
│   │                       │      │ 1 REACTIVE MUNITIONS Destroy Goon who     │
│   │                       │      │ destroys Lurker.                          │
│ 2 │ Task Mistres⚙️ 🚨      │    0 │ 0 BIDE TIME Mistrex gains Resist until    │
│   │                       │      │ beginning of Player's next turn.          │
│   │                       │      │ 1 TAZING CRACK [1⟲] Target Goon does not  │
│   │                       │      │ unwind during its next unwind.            │
│   │                       │      │ 2 DOMINATE [2⟲] Use target Goon ability   │
│   │                       │      │ on a target of Player's choice. Target    │
│   │                       │      │ Goon pays wind as it would on its turn.   │
│ 3 │ MediFlux-1NDS⚙️ 🚨     │    0 │ 0 DORSAL CAVITY RINSE [1⟲] Remove 1 wind  │
│   │                       │      │ from target Goon.                         │
│ 4 │ Hover Shield⚙️ 🚨      │    0 │ 0 COVER [1⟲] Target Goon may not be       │
│   │                       │      │ targeted by enemy Goon abilities until    │
│   │                       │      │ the beginning of player's next turn.      │
│ 5 │ Dormex Lurker🚫⚙️ 🚨   │    0 │ 0 SELF DESTRUCT Destroy Lurker, add 3     │
│   │                       │      │ wind to target Goon                       │
│   │                       │      │ 1 REACTIVE MUNITIONS Destroy Goon who     │
│   │                       │      │ destroys Lurker.                          │
└───┴───────────────────────┴──────┴───────────────────────────────────────────┘
                                  PCU Board P1                                  
┏━━━┳━━━━━━━━━━━━━━━━━━┳━━━━━━┳━━━━━━━━━━━━━━━━━━━━━━━━━━━━━━━━━━━━━━━━━━━━━━━━┓
┃ # ┃ Name             ┃ Wind ┃ Abilities                                      ┃
┡━━━╇━━━━━━━━━━━━━━━━━━╇━━━━━━╇━━━━━━━━━━━━━━━━━━━━━━━━━━━━━━━━━━━━━━━━━━━━━━━━┩
│ 0 │ Grim⭐✋🥩🌀     │    1 │ 0 DEFILE NATURE Remove 1 wind from any target  │
│   │                  │      │ Goon.                                          │
│ 1 │ Void Freak🚫🥩🌀 │    0 │ 0 THRASHING VAULT [1⟲] Add 1 wind to target    │
│   │                  │      │ Goon. Must always use this ability on owners   │
│   │                  │      │ turn if able                                   │
│   │                  │      │ 1 BLOODLUST Must attack if able.               │
│ 2 │ Krax🔶✋🥩🌀     │    0 │ 0 BASH IN SKULL [1⟲] Add 2 wind to target Goon │
│   │                  │      │ 1 CHAIN REACTION If BASH IN SKULL destroys a   │
│   │                  │      │ Goon, Krax may add 2 wind to another target    │
│   │                  │      │ Goon. This may chain as long as it is able.    │
└───┴──────────────────┴──────┴────────────────────────────────────────────────┘
Dead Pool 🥩:7 ⚙️ :7
         PCU P1 hand (7)          
┏━━━┳━━━━━━━━━━━━━━━━━━━━┳━━━━━━━┓
┃ # ┃ Name               ┃ Cost  ┃
┡━━━╇━━━━━━━━━━━━━━━━━━━━╇━━━━━━━┩
│ 0 │ Nives⚙️ 🌀          │ 4⟲    │
│ 1 │ Mutt⚙️ 🌀           │ 4⟲    │
│ 2 │ Dragoon⚙️ 🌀        │ 6⟲    │
│ 3 │ Mutt⚙️ 🌀           │ 4⟲    │
│ 4 │ Krax🔶✋🥩🌀       │ 6⟲    │
│ 5 │ Nives⚙️ 🌀          │ 4⟲    │
│ 6 │ Kriegsgheist✋🚫🌀 │ 3⛭ 3⚈ │
└───┴────────────────────┴───────┘
Previous Turn
Turn 17 ends. P2 leaves 6 goons on the board. P1 now has 3 board / 6 hand 
(retired 6); P2 has 6 board / 5 hand (retired 4). Dead Pool holds 15.
  P2 deployed Dormex Lurker.
  P2's Task Mistres was retired.
  Opponent (P1)'s Käsekobold was retired.
  Käsekobold was sent to the Dead Pool.
  Task Mistres was sent to the Dead Pool.
  Task Mistres was sent to the Dead Pool.
could not pay wind
cannot deploy: requires Vex on your board
Turn 18 ends. P1 leaves 3 goons on the board. P1 now has 3 board / 6 hand 
(retired 7); P2 has 6 board / 5 hand (retired 4). Dead Pool holds 17.
  P1 deployed Mutt.
  P1's Void Freak was retired.
  Void Freak was sent to the Dead Pool.
  Void Freak was sent to the Dead Pool.
Turn 19 | Player: P2
                                  PCU Board P1                                  
┏━━━┳━━━━━━━━━━━━━━┳━━━━━━┳━━━━━━━━━━━━━━━━━━━━━━━━━━━━━━━━━━━━━━━━━━━━━━━━━━━━┓
┃ # ┃ Name         ┃ Wind ┃ Abilities                                          ┃
┡━━━╇━━━━━━━━━━━━━━╇━━━━━━╇━━━━━━━━━━━━━━━━━━━━━━━━━━━━━━━━━━━━━━━━━━━━━━━━━━━━┩
│ 0 │ Grim⭐✋🥩🌀 │    1 │ 0 DEFILE NATURE Remove 1 wind from any target      │
│   │              │      │ Goon.                                              │
│ 1 │ Krax🔶✋🥩🌀 │    1 │ 0 BASH IN SKULL [1⟲] Add 2 wind to target Goon     │
│   │              │      │ 1 CHAIN REACTION If BASH IN SKULL destroys a Goon, │
│   │              │      │ Krax may add 2 wind to another target Goon. This   │
│   │              │      │ may chain as long as it is able.                   │
│ 2 │ Mutt⚙️ 🌀     │    0 │ 0 MAUL [1⟲] Add 1 wind to target Goon              │
│   │              │      │ 1 MANS BEST FIEND [4⟲] Some or all wind applied to │
│   │              │      │ Krax as damage from enemy Goon ability may be      │
│   │              │      │ applied to Mutt instead. If Krax is destroyed,     │
│   │              │      │ Mutt is destroyed.                                 │
└───┴──────────────┴──────┴────────────────────────────────────────────────────┘
                                 NARC Board P2                                  
┏━━━┳━━━━━━━━━━━━━━━━━━━━━━━┳━━━━━━┳━━━━━━━━━━━━━━━━━━━━━━━━━━━━━━━━━━━━━━━━━━━┓
┃ # ┃ Name                  ┃ Wind ┃ Abilities                                 ┃
┡━━━╇━━━━━━━━━━━━━━━━━━━━━━━╇━━━━━━╇━━━━━━━━━━━━━━━━━━━━━━━━━━━━━━━━━━━━━━━━━━━┩
│ 0 │ Lokar Simmons⭐✋🥩🚨 │    2 │ 0 RESOURCEFUL [2⟲] Draw a card            │
│ 1 │ Dormex Lurker🚫⚙️ 🚨   │    0 │ 0 SELF DESTRUCT Destroy Lurker, add 3     │
│   │                       │      │ wind to target Goon                       │
│   │                       │      │ 1 REACTIVE MUNITIONS Destroy Goon who     │
│   │                       │      │ destroys Lurker.                          │
│ 2 │ Task Mistres⚙️ 🚨      │    0 │ 0 BIDE TIME Mistrex gains Resist until    │
│   │                       │      │ beginning of Player's next turn.          │
│   │                       │      │ 1 TAZING CRACK [1⟲] Target Goon does not  │
│   │                       │      │ unwind during its next unwind.            │
│   │                       │      │ 2 DOMINATE [2⟲] Use target Goon ability   │
│   │                       │      │ on a target of Player's choice. Target    │
│   │                       │      │ Goon pays wind as it would on its turn.   │
│ 3 │ MediFlux-1NDS⚙️ 🚨     │    0 │ 0 DORSAL CAVITY RINSE [1⟲] Remove 1 wind  │
│   │                       │      │ from target Goon.                         │
│ 4 │ Hover Shield⚙️ 🚨      │    0 │ 0 COVER [1⟲] Target Goon may not be       │
│   │                       │      │ targeted by enemy Goon abilities until    │
│   │                       │      │ the beginning of player's next turn.      │
│ 5 │ Dormex Lurker🚫⚙️ 🚨   │    0 │ 0 SELF DESTRUCT Destroy Lurker, add 3     │
│   │                       │      │ wind to target Goon                       │
│   │                       │      │ 1 REACTIVE MUNITIONS Destroy Goon who     │
│   │                       │      │ destroys Lurker.                          │
└───┴───────────────────────┴──────┴───────────────────────────────────────────┘
Dead Pool 🥩:9 ⚙️ :7
         NARC P2 hand (6)         
┏━━━┳━━━━━━━━━━━━━━━━━━━━━┳━━━━━━┓
┃ # ┃ Name                ┃ Cost ┃
┡━━━╇━━━━━━━━━━━━━━━━━━━━━╇━━━━━━┩
│ 0 │ K-9.0⚙️ 🚨           │ 3⟲   │
│ 1 │ K-9.0⚙️ 🚨           │ 3⟲   │
│ 2 │ Buzzkill🔶✋⚙️ 🚨    │ 5⟲   │
│ 3 │ Nob Lobber⚙️ 🚨      │ 4⟲   │
│ 4 │ Nob Lobber⚙️ 🚨      │ 4⟲   │
│ 5 │ Impact Simulant⚙️ 🚨 │ -    │
└───┴─────────────────────┴──────┘
Previous Turn
Turn 18 ends. P1 leaves 3 goons on the board. P1 now has 3 board / 6 hand 
(retired 7); P2 has 6 board / 5 hand (retired 4). Dead Pool holds 17.
  P1 deployed Mutt.
  P1's Void Freak was retired.
  Void Freak was sent to the Dead Pool.
  Void Freak was sent to the Dead Pool.
Turn 19 ends. P2 leaves 7 goons on the board. P1 now has 2 board / 6 hand 
(retired 8); P2 has 7 board / 5 hand (retired 4). Dead Pool holds 18.
  P2 deployed Impact Simulant.
  Opponent (P1)'s Grim was retired.
  Grim was sent to the Dead Pool.
Game over! Winner: P2
Game over! Winner: P2 after 19 turns. P1 retired 8; P2 retired 4; Dead Pool 
totals 18.
